2026-09-28T15:56:45Z INF Thank you for trying Cloudflare Tunnel. Doing so, without a Cloudflare account, is a quick way to experiment and try it out. However, be aware that these account-less Tunnels have no uptime guarantee, are subject to the Cloudflare Online Services Terms of Use (https://www.cloudflare.com/website-terms/), and Cloudflare reserves the right to investigate your use of Tunnels for violations of such terms. If you intend to use Tunnels in production you should use a pre-created named tunnel by following: https://developers.cloudflare.com/cloudflare-one/connections/connect-apps
2026-09-28T15:56:45Z INF Requesting new quick Tunnel on trycloudflare.com...
2026-09-28T15:56:52Z INF +--------------------------------------------------------------------------------------------+
2026-09-28T15:56:52Z INF |  Your quick Tunnel has been created! Visit it at (it may take some time to be reachable):  |
2026-09-28T15:56:52Z INF |  https://periodic-jet-injection-regions.trycloudflare.com                                  |
2026-09-28T15:56:52Z INF +--------------------------------------------------------------------------------------------+
2026-09-28T15:56:52Z INF Cannot determine default configuration path. No file [config.yml config.yaml] in [~/.cloudflared ~/.cloudflare-warp ~/cloudflare-warp /etc/cloudflared /usr/local/etc/cloudflared]
2026-09-28T15:56:52Z INF Version 2026.9.3 (Checksum 77e26d8d900e0b8469f416239d14b5f296525fdf79fee6f511ef55609e3fbac2)
2026-09-28T15:56:52Z INF GOOS: linux, GOVersion: go1.26.8, GoArch: amd64
2026-09-28T15:56:52Z INF Settings: map[ha-connections:1 protocol:quic url:http://localhost:4173]
2026-09-28T15:56:52Z INF Autoupdate frequency is set autoupdateFreq=86400000
2026-09-28T15:56:52Z INF Generated Connector ID: 43497ce7-ea41-41a9-abfd-55f4c37d2322
2026-09-28T15:56:52Z INF Initial protocol quic
2026-09-28T15:56:52Z INF ICMP proxy will use 21.0.7.22 as source for IPv4
2026-09-28T15:56:52Z INF ICMP proxy will use fe80::b812:56ff:fe82:46aa in zone eth0 as source for IPv6
2026-09-28T15:56:52Z WRN The user running cloudflared process has a GID (group ID) that is not within ping_group_range. You might need to add that user to a group within that range, or instead update the range to encompass a group the user is already in by modifying /proc/sys/net/ipv4/ping_group_range. Otherwise cloudflared will not be able to ping this network error="Group ID 0 is not between ping group 1 to 0"
2026-09-28T15:56:52Z WRN ICMP proxy feature is disabled error="cannot create ICMPv4 proxy: Group ID 0 is not between ping group 1 to 0 nor ICMPv6 proxy: socket: permission denied"
2026/09/28 15:56:52 failed to sufficiently increase receive buffer size (was: 208 kiB, wanted: 7168 kiB, got: 416 kiB). See https://github.com/quic-go/quic-go/wiki/UDP-Buffer-Sizes for details.
2026-09-28T15:56:52Z INF ICMP proxy will use 21.0.7.22 as source for IPv4
2026-09-28T15:56:52Z INF ICMP proxy will use fe80::b812:56ff:fe82:46aa in zone eth0 as source for IPv6
2026-09-28T15:56:52Z INF Starting metrics server on 127.0.0.1:20241/metrics
2026-09-28T15:56:52Z INF Tunnel connection curve preferences: [X25519MLKEM768 CurveID(65074) CurveP256] connIndex=0 event=0 ip=198.41.192.57
2026-09-28T15:56:52Z INF Registered tunnel connection connIndex=0 connection=984e5a3d-b8f2-44be-be4c-d4db01539ba2 event=0 ip=198.41.192.57 location=sin09 protocol=quic
2026-09-28T15:56:58Z INF +-------------------------------------------------------------------------------------+
2026-09-28T15:56:58Z INF |                               CONNECTIVITY PRE-CHECKS                               |
2026-09-28T15:56:58Z INF +-------------------------------------------------------------------------------------+
2026-09-28T15:56:58Z INF |  COMPONENT         TARGET                     STATUS  DETAILS                       |
2026-09-28T15:56:58Z INF |  DNS Resolution    region1.v2.argotunnel.com  PASS    DNS Resolved successfully     |
2026-09-28T15:56:58Z INF |  DNS Resolution    region2.v2.argotunnel.com  PASS    DNS Resolved successfully     |
2026-09-28T15:56:58Z INF |  UDP Connectivity  region1.v2.argotunnel.com  PASS    QUIC connection successful    |
2026-09-28T15:56:58Z INF |  UDP Connectivity  region2.v2.argotunnel.com  PASS    QUIC connection successful    |
2026-09-28T15:56:58Z INF |  TCP Connectivity  region1.v2.argotunnel.com  PASS    HTTP/2 connection successful  |
2026-09-28T15:56:58Z INF |  TCP Connectivity  region2.v2.argotunnel.com  PASS    HTTP/2 connection successful  |
2026-09-28T15:56:58Z INF |  Cloudflare API    api.cloudflare.com:443     PASS    API is reachable              |
2026-09-28T15:56:58Z INF |                                                                                     |
2026-09-28T15:56:58Z INF |  SUMMARY: Environment is healthy. cloudflared will use 'quic' as primary protocol.  |
2026-09-28T15:56:58Z INF +-------------------------------------------------------------------------------------+
2026-09-28T15:56:58Z INF precheck component="DNS Resolution" details="DNS Resolved successfully" run_id=a0fc2d3c-97e1-4bb5-8358-2034eb6a317f status=pass target=region1.v2.argotunnel.com
2026-09-28T15:56:58Z INF precheck component="DNS Resolution" details="DNS Resolved successfully" run_id=a0fc2d3c-97e1-4bb5-8358-2034eb6a317f status=pass target=region2.v2.argotunnel.com
2026-09-28T15:56:58Z INF precheck component="UDP Connectivity" details="QUIC connection successful" run_id=a0fc2d3c-97e1-4bb5-8358-2034eb6a317f status=pass target=region1.v2.argotunnel.com
2026-09-28T15:56:58Z INF precheck component="UDP Connectivity" details="QUIC connection successful" run_id=a0fc2d3c-97e1-4bb5-8358-2034eb6a317f status=pass target=region2.v2.argotunnel.com
2026-09-28T15:56:58Z INF precheck component="TCP Connectivity" details="HTTP/2 connection successful" run_id=a0fc2d3c-97e1-4bb5-8358-2034eb6a317f status=pass target=region1.v2.argotunnel.com
2026-09-28T15:56:58Z INF precheck component="TCP Connectivity" details="HTTP/2 connection successful" run_id=a0fc2d3c-97e1-4bb5-8358-2034eb6a317f status=pass target=region2.v2.argotunnel.com
2026-09-28T15:56:58Z INF precheck component="Cloudflare API" details="API is reachable" run_id=a0fc2d3c-97e1-4bb5-8358-2034eb6a317f status=pass target=api.cloudflare.com:443
2026-09-28T15:56:58Z INF precheck complete hard_fail=false run_id=a0fc2d3c-97e1-4bb5-8358-2034eb6a317f suggested_protocol=quic
2026-09-28T16:21:31Z INF Initiating graceful shutdown due to signal terminated ...
2026-09-28T16:21:31Z INF Retrying connection in up to 2s connIndex=0 event=0 ip=198.41.192.57
2026-09-28T16:21:31Z ERR Connection terminated connIndex=0
2026-09-28T16:21:31Z ERR no more connections active and exiting
2026-09-28T16:21:31Z INF Tunnel server stopped
2026-09-28T16:21:31Z INF Metrics server stopped
